# 16. 행 추가하기 - INSERT
- 데이터베이스의 테이블에 행을 추가하기 위해서는 ISNERT 명령 사용
- INSERT 명령
```text
INSERT INTO 테이블명 VALUES (값1, 값2, ...)
```
- 앞에서의 SELECT는 데이터 검색을 위한 것으로, 질의를 하면 데이터베이스 서버가 클라이언트로 결과를 반환하는 형식으로 처리됨.
- 데이터 추가시 이와 반대로 클라이언트에서 서버로 데이터를 전송하는 형식을 취하며 서버 측은 전송받은 데이터를 DB에 저장한다. 웹 페이지에서 '신규등록'이나
'추가'와 같은 버튼 클릭시 처리되는 데이터 추가 기능이라 생각하면 된다.

## 1. INSERT 로 행 추가하기
- RDBMS에서는 ISNERT 명령을 사용해 테이블의 행 단위로 데이터를 추가한다. 
- 데이터베이스를 생성하면 테이블에는 아무런 데이터도 없는 상태가 된다. 이후 INSERT 명령으로 데이터를 추가해 데이터베이스를 구축한다. 
- INSERT 명령 실행 전 SELECT 명령을 실행해보자.
```text
mysql> select * from sample41;
Empty set (0.01 sec)
```
- 각 열에 어떤 유형의 데이터를 저장할 수 있는지 DESC 명령으로 확인해보자.
```text
mysql> desc sample41;
+-------+-------------+------+-----+---------+-------+
| Field | Type        | Null | Key | Default | Extra |
+-------+-------------+------+-----+---------+-------+
| no    | int         | NO   |     | NULL    |       |
| a     | varchar(30) | YES  |     | NULL    |       |
| b     | date        | YES  |     | NULL    |       |
+-------+-------------+------+-----+---------+-------+
3 rows in set (0.04 sec)
```
- no 열은 int(11)로 수치형 데이터 저장 가능. a 열은 varchar(30)으로 최대 길이가 30인 문자열 저장 가능. b 열은 날짜시간형 데이터 저장 가능
- INSERT 명령으로 행을 추가해보자. 먼저 INSERT INTO 뒤에 행을 추가할 테이블을 지정한다.
```text
INSERT INTO sample41
```
- 저장할 데이터를 지정하지 않아 아직 완성되지 않았다. 행의 데이터는 다음과 같으 VALUES 구를 사용해 지정한다.
```text
mysql> insert into sample41 values(1, 'ABC', '2023-03-03');
Query OK, 1 row affected (0.01 sec)
```
- 값을 지정할 때는 해당 열의 데이터 형식에 맞도록 지정해야 한다. 위 명령어 실행시 테이블에 행이 추가된다.
- 다만, INSERT 명령을 실행해도 처리 상태만 표시되고 결과를 출력하지는 않는다. SELECT 명령의 경우 실행시 그 결과가 클라이언트에게 반환되지만, INSERT
명령은 데이터가 클라이언트에서 서버로 전송되므로 반환되는 결과가 없는 것. SELECT 절로 확인해보자.
```text
mysql> select * from sample41;
+----+------+------------+
| no | a    | b          |
+----+------+------------+
|  1 | ABC  | 2023-03-03 |
+----+------+------------+
1 row in set (0.00 sec)
```
- 기존에 없던 행이 추가된 것을 확인할 수 있다.
> INSERT 명령으로 테이블에 행을 추가할 수 있다.

## 2. 값을 저장할 열 지정하기
- INSERT 명령으로 행을 추가할 경우 값을 저장할 열을 지정 가능. 열 지정 시 테이블명 뒤에 괄호로 묶어 열명을 나열하고 VALUES 구로 값을 지정해야 한다.
VALUES 구에 값 지정시 지정한 열과 동일한 개수로 지정해야 한다.
- INSERT 의 열 지정
```text
INSERT INTO 테이블명 (열1, 열2, ...) VALUES(값1, 값2, ...)
```
- 지정한 열에 값을 넣어 행 추가 가능.
- sample41 테이블에 no 열과 a 열만 지정해 행을 추가해보자.
```text
mysql> insert into sample41(a, no) values('XYZ', 2);
Query OK, 1 row affected (0.00 sec)

mysql> select * from sample41;
+----+------+------------+
| no | a    | b          |
+----+------+------------+
|  1 | ABC  | 2023-03-03 |
|  2 | XYZ  | NULL       |
+----+------+------------+
2 rows in set (0.00 sec)
```
- 행이 추가되었다. 별도의 값으 지정하지 않은 b 열에는 기본값인 NULL(b 열의 default 값)이 저장되었다.

## 3. NOT NULL 제약
- 행을 추가할 때 유효한 값이 없는 상태 (NULL)로 두고 싶을 경우에는 VALUES 구에서 NULL로 지정 가능. 실제로 sample41 에 대해 모든 열의 값이 
NULL인 행을 추가해보자.
```text
mysql> insert into sample41(no, a, b) values(null, null, null);
ERROR 1048 (23000): Column 'no' cannot be null
```
- no 열에 대해 NULL 값을 허용하지 않는 NOT NULL 제약이 걸려있어 에러 발생.
- 이와 같이 테이블에 저장하는 데이터를 설정으로 제한하는 것을 통틀어 '제약'이라 부른다. NOT NULL 제약은 그 중 하나로 이 외에도 다양한 제약 존재.
> NOT NULL 제약이 걸려있는 열은 NULL 값을 허용하지 않는다.

- 그렇다면 앞의 명령에서 no 열 값만 '3'으로 변경하면 정상적으로 실행된다.
```text
mysql> insert into sample41(no, a, b) values(3, null, null);
Query OK, 1 row affected (0.00 sec)

mysql> select * from sample41;
+----+------+------------+
| no | a    | b          |
+----+------+------------+
|  1 | ABC  | 2023-03-03 |
|  2 | XYZ  | NULL       |
|  3 | NULL | NULL       |
+----+------+------------+
3 rows in set (0.00 sec)
```
- NULL은 여러 측면에서 주의할 필요가 있다. NULL 조건 비교시 IS NULL을 사용해야 하며 NULL을 포함한 연산 결과는 모두 NULL이 되어버리기도 한다.
NULL을 허용하고 싶지 않다면 NOT NULL 제약을 걸어두는 편이 좋다.

## 4. DEFAULT
- DESC 명령으로 열 구성을 살펴보면 Default 라는 항목을 찾을 수 있다. Default는 명시적으로 겂을 지정하지 않았을 경우 사용하는 초깃값을 말한다.
- Default 값은 테이블을 정의할 때 지정할 수 있다. 열을 지정해 행을 추가할 때 지정하지 않은 열은 Default 값을 사용하여 저장된다.
- 실제로 지금까지 앞에 잇던 sample41 의 경우, Default 는 모두 NULL이었다. 그래서 값을 생략하면 초깃값으로 NULL을 저장하는 것.
- Default를 지정한 테이블을 살펴보자.
```text
mysql> desc sample411;
+-------+------+------+-----+---------+-------+
| Field | Type | Null | Key | Default | Extra |
+-------+------+------+-----+---------+-------+
| no    | int  | NO   |     | NULL    |       |
| d     | int  | YES  |     | 0       |       |
+-------+------+------+-----+---------+-------+
2 rows in set (0.01 sec)
```
- sample411 의 d 열에는 디폴트값으로 0이 설정되어 있다. 이떄 d열에는 디폴트값으로 0이 설정되어 있다. 이떄 d열에 다음과 같이 숫자를 지정해 행을
추가해보자. 문제없이 저장되는 것을 확인할 수 있다.
```text
mysql> insert into sample411(no, d) values(1, 1);
Query OK, 1 row affected (0.00 sec)

mysql> select * from sample411;
+----+------+
| no | d    |
+----+------+
|  1 |    1 |
+----+------+
1 row in set (0.00 sec)
```
- 다음으로 디폴트값을 지정해 행을 추가해보자. VALUES 구에서 DEFAULT 키워드를 사용하면 디폴트값이 저장된다.
- 이처럼 디폴트값을 지정하는 것을 'DEFAULT를 명시적으로 지정하는 방법'이라고 한다.
```text
mysql> insert into sample411(no, d) values(2, DEFAULT);
Query OK, 1 row affected (0.00 sec)

mysql> select * from sample411;
+----+------+
| no | d    |
+----+------+
|  1 |    1 |
|  2 |    0 |
+----+------+
2 rows in set (0.00 sec)
```

### 암묵적으로 디폴트 저장
- 암묵적인 방법이란 디폴트값으로 저장할 열을 명령문에서 별도 지정하지 않는 것을 말한다. 실제로 d 열을 제외하고 no 열만 지정해 INSERT 명령을 실행하면
d 열의 값이 디폴트로 저장됨을 알 수 있다.
```text
mysql> insert into sample411(no) values(3);
Query OK, 1 row affected (0.00 sec)

mysql> select * from sample411;
+----+------+
| no | d    |
+----+------+
|  1 |    1 |
|  2 |    0 |
|  3 |    0 |
+----+------+
3 rows in set (0.00 sec)
```
> 열을 지정하지 않으면 디폴트값으로 행이 추가된다.
