# 4-1. MySQL의 데이터 형식
- 테이블을 만들 때는 데이터 형식을 설정해야 함. 데이터 형식은 숫자형, 문자형, 날짜형 존재. 세부적으로는 여러 개.
- 다양한 데이터 형식이 존재하는 이유는 실제로 저장될 데이터의 형태가 다양하기 때문.

## 데이터 형식
- MySQL에서 제공하는 데이터 형식의 종류는 수십 개 정도이고, 각 데이터 형식마다 크기나 표현할 수 있는 숫자의 범위가 다름.

### 정수형
- 소숫점이 없는 숫자에 많이 사용.

| 데이터 형식   | 바이트 수 | 숫자 범위            |
|----------|-------|------------------|
| TINYINT  | 1     | -128 ~ 127       |
| SMALLINT | 2     | -32,768 ~ 32,767 |
| INT      | 4     | 약 -21억 ~ +21억    |
| BIGINT   | 8     | 약 -900경 ~ +900경  |

- 예제를 만들어 보자.
```text
mysql> use market_db
Database changed

mysql> create table hongong4 (
    -> tinyint_col tinyint,
    -> smallint_col smallint,
    -> int_col int,
    -> bigint_col bigint);
Query OK, 0 rows affected (0.03 sec)

mysql> insert into hongong4 values(127, 32767, 2147483647, 90000000000000000);
Query OK, 1 row affected (0.01 sec)

mysql> insert into hongong4 values(128, 32768, 2147483648, 900000000000000000);
ERROR 1264 (22003): Out of range value for column 'tinyint_col' at row 1
```
- Out of range는 입력값의 범위를 벗어났다는 의미.
- 정수형의 예제를 살펴보기 위해 이전에 만들었던 인터넷 마켓의 회원 테이블을 살펴보자.
```sql
create table member
(
    mem_id          char(8) not null primary key,   -- 회원 아이디 (PK)
    mem_name        varchar(10) not null,           -- 이름
    member_number   int not null,                   -- 인원수
    addr            char(2) not null,               -- 주소 (경기, 서울, 경남 식으로 2글자만 입력)
    phone1          char(3),                        -- 연락처의 국번 (02, 031, 055 등)
    phone2          char(8),                        -- 연락처의 나머지 전화번호 (하이픈 제외)
    height          smallint,                       -- 평균 키
    debut_date      date                            -- 데뷔 일자
);
```
- 인원수 열은 int로 지정해서 -21억 ~ +21억까지 저장 가능. 가수 그룹이 이렇게 많을 필요는 없어 127명까지 저장 가능한 TINYINT로 지정해도 충분.
- 평균 키 (height)열은 SMALLINT로 -32768~32768로 저장 가능한데, TINYINT를 고려해볼수 있지만 -128 ~ +127로 범위가 부족.
- 이를 해결하기 위해 값의 범위가 0부터 시작되는 UNSIGNED 예약어 사용 가능.
- TINYINT UNSIGNED의 경우 0 ~ 255까지 저장 가능.
- 따라서 다음과 같이 구성하는 것이 더 효율적.
```sql
create table member
(
    mem_id          char(8) not null primary key,   -- 회원 아이디 (PK)
    mem_name        varchar(10) not null,           -- 이름
    member_number   tinyint not null,               -- 인원수
    addr            char(2) not null,               -- 주소 (경기, 서울, 경남 식으로 2글자만 입력)
    phone1          char(3),                        -- 연락처의 국번 (02, 031, 055 등)
    phone2          char(8),                        -- 연락처의 나머지 전화번호 (하이픈 제외)
    height          tinyint unsigned,               -- 평균 키
    debut_date      date                            -- 데뷔 일자
);
```

### 문자형
- 문자형은 글자를 저장하기 위해 사용, 입력할 최대 글자의 개수를 지정해야 함.

| 데이터 형식      | 바이트 수     |
|-------------|-----------|
| CHAR(개수)    | 1 ~ 255   |
| VARCHAR(개수) | 1 ~ 16383 |

- CHAR 은 문자를 의미하는 Character의 약자로, 고정길이 문자형. 즉, 자릿수가 고정됨. 예를 들어 CHAR(10)에 '가나다' 3글자여도 10자리를
모두 확보한 후에 앞에 3자리를 사용하고 뒤의 7자리는 낭비됨.
- 이와 달리 VARCHAR(Variable Character)는 가변길이 문자형으로, VARCHAR(10)에 '가나다' 3글자를 저장할 경우 3자리만 사용함.
- VARCHAR가 CHAR 보다 공간을 효율적으로 운영할 수 있지만, MySQL 내부적으로 성능 면에서는 CHAR로 설정하는 것이 좋음. 따라서 모든 
데이터의 글자 수가 같을 경우 CHAR, 다를 경우 VARCHAR를 사용하면 좋음.
```sql
create table member
(
    mem_id          char(8) not null primary key,   -- 회원 아이디 (PK)
    mem_name        varchar(10) not null,           -- 이름
    member_number   tinyint not null,               -- 인원수
    addr            char(2) not null,               -- 주소 (경기, 서울, 경남 식으로 2글자만 입력)
    phone1          char(3),                        -- 연락처의 국번 (02, 031, 055 등)
    phone2          char(8),                        -- 연락처의 나머지 전화번호 (하이픈 제외)
    height          tinyint unsigned,               -- 평균 키
    debut_date      date                            -- 데뷔 일자
);
```
- 회원 테이블의 문자형을 확인해 보자.
- 회원 아이디는 3글자로 입력되는데 향후에 더 긴 회원 아이디를 만들 수 있다고 가정하고 CHAR(8)로 지정. VARCHAR(8)로 지정해도 별 문제 X
- 또한 phone1, phone2 를 보자. 국번은 앞에 0이 붙어야 하는데 정수형으로 지정하면 0이 사라져 CHAR로 지정했음.
- 전화번호 역시 모두 숫자로 지정되어 있지만 숫자로서의 의미가 없어 CHAR로 지정했음. 숫자ㄹ서의 의미를 가지려면 아래 둘 중 1개 이상 충족.
1. 더하기/빼기 등의 연산에 의미가 있다.
2. 크다/작다 또는 순서에 의미가 있다.
- 전화번호는 해당하지 않아 문자로 지정했음.

### 대량의 데이터 형식
- 문자형인 CHAR는 최대 255까지, VARCHAR는 최대 16383 까지 지정 가능. 그 이상인 경우 아래와 같은 오류 메시지 발생
```text
mysql> create table big_table(
    -> data char(256),
    -> data2 varchar(16384));
ERROR 1074 (42000): Column length too big for column 'data' (max = 255); use BLOB or TEXT instead
```
- 그래서 더 큰 데이터를 저장하려면 다음과 같은 형식 사용.

| 데이터 형식   | 바이트 수          |
|----------|----------------|
| text     | 1 ~ 65535      |
| longtext | 1 ~ 4294967295 |
| blob     | 1 ~ 65535      |
| longblob | 1 ~ 4294967295 |
- 추가로 tinytext, mediumtext, tinyblob, mediumblob 등도 있지만 잘 사용 X.
- 이렇게 많은 글자를 저장할 일이 있을까라고 생각할 수 있지만 소설이나 영화 대본과 같은 내용을 저장한다면 필요한 데이터 형식.
- 또, BLOB은 Binary Long Object 의 약자로 글자가 아닌 이미지, 동영상 등의 데이터라고 생각하면 됨. 이런 것을 이진(Binary)데이터
라고 부름. 테이블에 사진, 동영상을 저장하고 싶다면 blob, longblob을 사용하면 됨.
- longtext 및 longblob은 각 최대 4GB까지 입력 가능.

### 실수형
- 실수형은 소수점이 있는 숫자를 저장할 때 사용.

| 데이터 형식 | 바이트 수 | 설명               |
|--------|-------|------------------|
| FLOAT  | 4     | 소수점 아래 7자리까지 표현  |
| DOUBLE | 8     | 소수점 아래 15자리까지 표현 |

- FLOAT과 DOUBLE은 거의 비슷. 소수점 아래를 어디까지 정밀하게 표현하는지의 차이인데, 과학 기술용 데이터가 아닌 이상 FLOAT으로 충분.

### 날짜형
- 날짜형은 날짜 및 시간을 저장할 때 사용.

| 데이터 형식   | 바이트 수 | 설명                                       |
|----------|-------|------------------------------------------|
| DATE     | 3     | 날짜만 저장. YYYY-MM-DD 형식으로 사용               |
| TIME     | 3     | 시간만 저장. HH:MM:SS 형식으로 사용                 |
| DATETIME | 8     | 날짜 및 시간을 저장. YYYY-MM-DD HH:MM:SS 형식으로 사용 |

- DATE는 날짜만, TIME은 시간만 저장함. 날짜와 시간을 둘 다 저장하고 싶으면 DATETIME을 사용함.
- 참고로, 날짜 또는 시간을 입력할 때는 문자와 마찬가지로 작은따옴표로 묶어주어야 함.

## 변수의 사용
- SQL도 다른 일반적인 프로그래밍 언어처럼 변수를 선언하고 사용 가능. 변수의 선언과 값의 대임은 다음 형식을 따름.
```sql
set @변수이름 = 변수의 값 ; -- 변수의 선언 및 값 대임
select @변수이름 ;        -- 변수의 값 출력
```
- 변수는 MySQL 워크벤치를 재시작할 때까지는 유지되지만, 종료하면 없어짐. 그러므로 임시로 사용한다고 생각하자.

```text
mysql> set @myVar1 = 5;
Query OK, 0 rows affected (0.00 sec)

mysql> set @myVar2 = 4.25;
Query OK, 0 rows affected (0.01 sec)

mysql> select @myVar1;
+---------+
| @myVar1 |
+---------+
|       5 |
+---------+
1 row in set (0.00 sec)

mysql> select @myVar2;
+---------+
| @myVar2 |
+---------+
|    4.25 |
+---------+
1 row in set (0.00 sec)

mysql> select @myVar1 +@myVar2;
+----------------------------------+
| @myVar1 +@myVar2                 |
+----------------------------------+
| 9.250000000000000000000000000000 |
+----------------------------------+
1 row in set (0.00 sec)

mysql> set @txt = '가수 이름==> ';
Query OK, 0 rows affected (0.00 sec)

mysql> set @height = 166;
Query OK, 0 rows affected (0.00 sec)

mysql> select @txt, mem_name from member where height > @height;
+-------------------+--------------+
| @txt              | mem_name     |
+-------------------+--------------+
| 가수 이름==>      | 소녀시대     |
| 가수 이름==>      | 잇지         |
| 가수 이름==>      | 트와이스     |
+-------------------+--------------+
3 rows in set (0.01 sec)
```
- select 문에서 행의 개수를 제한하는 limit 에도 변수를 사용해보자. 오류가 발생할 것이다.
```text
mysql> set @count = 3;
Query OK, 0 rows affected (0.00 sec)

mysql> select mem_name, height from member order by height limit @count;
ERROR 1064 (42000): You have an error in your SQL syntax; check the manual that corresponds to
your MySQL server version for the right syntax to use near '@count' at line 1
```
- 이를 해결하는 것이 PREPARE 과 EXECUTE.
- PREPARE는 실행하지 않고 SQL문만 준비해 놓고 EXECUTE에서 실행하는 방식.

```text
mysql> set @count = 3;
Query OK, 0 rows affected (0.00 sec)

mysql> prepare mySQL from 'select mem_name, height from member order by height limit ?';
Query OK, 0 rows affected (0.00 sec)
Statement prepared

mysql> execute mySQL using @count;
+--------------+--------+
| mem_name     | height |
+--------------+--------+
| 오마이걸     |    160 |
| 레드벨벳     |    161 |
| 우주소녀     |    162 |
+--------------+--------+
3 rows in set (0.00 sec)
```
- prepare문은 `select ~~ limit`문을 실행하지 않고 mySQL이라는 이름으로 준비만 해 놓음.
?는 현재는 모르지만 나중에 채워짐 정도로 이해.
- execute로 mySQL에 저장된 select 문을 실행할 때, using으로 ?에 @count 변수의 값을 대입하는 것.
- 결론적으로 다음과 같은 sql이 실행됨.
```sql
select mem_name, height from member order by height limit 3
```

## 데이터 형 변환
- 문자형을 정수형으로 바꾸거나 정수형을 문자형으로 바꾸는 것을 데이터의 형 변환(type conversion)이라 부름.
- 형 변환에는 직접 함수를 사용해서 변환하는 명시적인 변환(explicit conversion)과 별도의 지시 없이 자연스럽게 변환되는 암시적인 변환
  (implicit conversion)이 존재.

### 함수를 이용한 명시적인 변환
- 데이터 형식을 변환하는 함수는 cast(), convert(). 두 가지는 형식만 다를 뿐 동일한 기능을 함.
```text
cast (값 as 데이터_형식 [(길이)])
convert (값, 데이터_형식 [(길이)])
```
- 간단한 예를 살펴보자.
```text
mysql> select avg(price) as '평균 가격' from buy;
+---------------+
| 평균 가격     |
+---------------+
|      142.9167 |
+---------------+
1 row in set (0.00 sec)

mysql> select cast(avg(price) as signed) '평균 가격' from buy;
+---------------+
| 평균 가격     |
+---------------+
|           143 |
+---------------+
1 row in set (0.00 sec)

mysql> select convert(avg(price), signed) '평균 가격' from buy;
+---------------+
| 평균 가격     |
+---------------+
|           143 |
+---------------+
1 row in set (0.00 sec)
```
- 소수점인 평균 가격을 정수로 표현한 것.
- 날짜도 확인해 보자.
```text


mysql> select cast('2022$12$12' as date);
+----------------------------+
| cast('2022$12$12' as date) |
+----------------------------+
| 2022-12-12                 |
+----------------------------+
1 row in set, 1 warning (0.02 sec)

mysql> select cast('2022/12/12' as date);
+----------------------------+
| cast('2022/12/12' as date) |
+----------------------------+
| 2022-12-12                 |
+----------------------------+
1 row in set, 1 warning (0.00 sec)

mysql> select cast('2022%12%12' as date);
+----------------------------+
| cast('2022%12%12' as date) |
+----------------------------+
| 2022-12-12                 |
+----------------------------+
1 row in set, 1 warning (0.00 sec)

mysql> select cast('2022@12@12' as date);
+----------------------------+
| cast('2022@12@12' as date) |
+----------------------------+
| 2022-12-12                 |
+----------------------------+
1 row in set, 1 warning (0.00 sec)
```
- sql의 결과를 원하는 형태로 표현할 때도 사용 가능. 가격과 수량을 곱한 실제 구매액을 표시하는 sql을 다음과 같이 작성 가능.
```text
mysql> select num, concat(cast(price as char), 'X', cast(amount as char), '=') '가격X수량', price*amount '구매액' from buy;
+-----+---------------+-----------+
| num | 가격X수량     | 구매액    |
+-----+---------------+-----------+
|   1 | 30X2=         |        60 |
|   2 | 1000X1=       |      1000 |
|   3 | 200X1=        |       200 |
|   4 | 200X5=        |      1000 |
|   5 | 50X3=         |       150 |
|   6 | 80X10=        |       800 |
|   7 | 15X5=         |        75 |
|   8 | 15X2=         |        30 |
|   9 | 50X1=         |        50 |
|  10 | 30X1=         |        30 |
|  11 | 15X1=         |        15 |
|  12 | 30X4=         |       120 |
+-----+---------------+-----------+
12 rows in set (0.00 sec)
```

### 암시적인 변환
- 암시적인 변환은 cast() 나 convert() 함수를 사용하지 않고도 자연스럽게 형이 변환되는 것을 말함.
```text
mysql> select '100' + '200';
+---------------+
| '100' + '200' |
+---------------+
|           300 |
+---------------+
1 row in set (0.00 sec)
```
- '100', '200' 문자를 더했는데 자동으로 숫자 100과 숫자 200으로 변환해서 덧셈을 수행했음.
```text
mysql> select concat('100', '200');
+----------------------+
| concat('100', '200') |
+----------------------+
| 100200               |
+----------------------+
1 row in set (0.01 sec)
```
- 문자 '100', '200' 을 연결하기 위해서는 concat()을 사용해야 함.
```text
mysql> select concat(100, '200');
+--------------------+
| concat(100, '200') |
+--------------------+
| 100200             |
+--------------------+
1 row in set (0.00 sec)
```
- 숫자와 문자를 concat() 함수로 연결하면 숫자 100이 문자 '100'으로 변환되어서 연결되었음.
```text
mysql> select 100 + '200';
+-------------+
| 100 + '200' |
+-------------+
|         300 |
+-------------+
1 row in set (0.00 sec)
```
- concat 함수를 사용하지 않고 숫자 100과 문자 '200'을 더하면 뒤의 문자가 숫자 200으로 자동 변환되어 300이 출력됨.

## 정리
- 정수형은 소수점이 없는 숫자이며, TINYINT, SMALLINT, INT, BIGINT 등이 있음.
- 문자형은 고정형 문자형인 CHAR 과 가변형 문자형인 VARCHAR이 있음.
- 실수형은 소수점 아래 7자리까지 표현되는 FLOAT와 소수점 아래 15자리까지 표현되는 DOUBLE이 있음.
- 날짜형은 날짜를 저장하는 DATE, 시간을 저장하는 TIME, 날짜와 시간을 저장하는 DATETIME이 있음.
- MySQL에서 제공되는 변수 앞에는 @를 붙임.
- 데이터 형식을 변경하는 형 변환 함수에는 CAST(), CONVERT()가 있음.
