# 31. 집합 연산
- '복수의 테이블'을 사용해 데이터를 검색하는 방법에 관해 알아보자.
- RDBMS의 창시자인 에드거 커드는 관계형 모델을 고안한 인물이기도 하다. 관계형 모델을 채택한 데이터베이스를 관계형 데이터베이스라 부름.
- 관계형 모델에서의 관계형은 수학 집합론의 관계형 이론에서 유래. 집합론이라고 거창하게 말하지만, 실질적으로는 데이터베이스의 데이터를 집합으로 간주해 다루기
쉽게 하자는 것에 지나지 않는다.

## 1. SQL과 집합
- 집합이라 하면 AND 와 OR에서 등장했던 '벤 다이어그램'이 떠오를 것. 벤 다이어그램에서는 하나의 원이 곧 하나의 집합. 원 안에는 몇 가지 요소가 포함됨.
- 데이터베이스에서는 테이블의 행이 요소에 해당. 행은 여러 개의 열로 구성되는 경우도 있으므로, 수치 상으로는 복수의 값이 존재. 하지만 집합의 요소라는 
측면에서 보면 하나의 행이 곧 하나의 요소가 됨.
- SELECT 명령을 실행하면 데이터베이스에 질의하며 그 결과 몇 개의 행이 반환됨, 이때 반환된 결과 전체를 하나의 집합이라 생각하면 됨.

## 2. UNION으로 합집합 구하기
- 집합의 연산에는 '합집합'이라는 것이 있다. 이는 집합을 서로 더한 것을 말함. 

### UNION
- SQL 에서 집합을 계산할 때 SELECT 명령의 실행 결과를 하나의 집합으로 다룰 수 있다. 합집합으로 UNION 키워드를 사용한다. (A UNION B)
- 
```text
mysql> select * from sample71_a;
+------+
| a    |
+------+
|    1 |
|    2 |
|    3 |
+------+
3 rows in set (0.00 sec)

mysql> select * from sample71_b;
+------+
| b    |
+------+
|    2 |
|   10 |
|   11 |
+------+
3 rows in set (0.00 sec)

mysql> select * from sample71_a union select * from sample71_b;
+------+
| a    |
+------+
|    1 |
|    2 |
|    3 |
|   10 |
|   11 |
+------+
5 rows in set (0.01 sec)
```
- 두 개의 SELECT 명령을 하나의 명령으로 합치는 만큼, 세미콜론(;)은 마지막에 붙인다.
- 정리하면, 한 번의 쿼리 실행으로 두 개의 SELECT 명령이 내부적으로 실행되는 형식. 이떄 각 SELECT 명령의 실행결과(집합)을 합집합(UNION)으로 계산해 최종적으로
결과를 반환.
> UNION으로 두 개의 SELECT 명령을 하나로 연계해 질의 결과를 얻을 수 있다!

- UNION을 이용하면 여러 개의 SELECT 명령을 하나로 묶을 수 있다. 이떄 각각의 SELECT 명령의 열의 내용은 서로 일치해야 한다. 예를 들어 위에서 sample71_a과
sample71_b 의 경우, 열 이름은 서로 다르지만, 열 개수와 자료형이 서로 같기 때문에 일치한다고 할 수 있다. 반면 다음과 같이 완전히 열 구성이 다른 테이블을
UNION으로 묶을 수는 없다.
```text
mysql> select * from sample71_a
    -> union
    -> select * from sample71_b
    -> union
    -> select * from sample31;
ERROR 1222 (21000): The used SELECT statements have a different number of columns
```
- 다만 애스터리스크(*)를 쓰지 않고, 열을 따로 지정해 각 SELECT 명령에서 집합의 요소가 될 데이터를 서로 맞춰주면 UNION 으로 실행 가능한 쿼리가 된다.
```text
mysql> select * from sample71_a
    -> union
    -> select * from sample71_b
    -> union
    -> select age from sample31;
+------+
| a    |
+------+
|    1 |
|    2 |
|    3 |
|   10 |
|   11 |
|   36 |
|   18 |
|   25 |
+------+
8 rows in set (0.01 sec)
```
- SELECT 명령들을 UNION 으로 묶을 때 나열 순서는 합집합의 결과에 영향을 주지 않는다. 따라서 다음 명령들은 결과가 모두 같다. 단, 결괏값의 나열순서는
달라질 수 있다. ORDER BY 를 지정하지 않은 SELECT 명령은 결과가 내부처리의 상황에 따라 바뀌기 때문.
```text
mysql> select * from sample71_a union select * from sample71_b;
+------+
| a    |
+------+
|    1 |
|    2 |
|    3 |
|   10 |
|   11 |
+------+
5 rows in set (0.00 sec)

mysql> select * from sample71_b union select * from sample71_a;
+------+
| b    |
+------+
|    2 |
|   10 |
|   11 |
|    1 |
|    3 |
+------+
5 rows in set (0.00 sec)
```
- UNION을 사용할 때에는 ORDER BY 를 지정하는 방법에 주의해야 함. 

### UNION을 사용할 때의 ORDER BY
- UNION 으로 SELECT 명령을 결합해 합집합을 구하는 경우, 각 SELECT 명령에 ORDER BY 를 지정해 정렬할 수는 없다. ORDER BY 를 지정할 때는 마지막 SELECT
명령에만 지정하도록 함.
- 예를 들어 다음과 같은 쿼리를 실행하면 에러가 발생.
```text
mysql> select a from sample71_a order by a union select b from sample71_b;
ERROR 1064 (42000): You have an error in your SQL syntax; check the manual that corresponds to your MySQL server version 
for the right syntax to use near 'union select b from sample71_b' at line 1
```
- ORDER BY 로 정렬이 불가한 것이 아닌, 합집합의 결과를 정렬하므로 가장 마지막의 SELECT 명령에 ORDER BY를 지정해야 한다는 의미이다.
```text

mysql> select a from sample71_a union select b from sample71_b order by b;
ERROR 1054 (42S22): Unknown column 'b' in 'order clause'
```
- 하지만 이 쿼리도 에러가 발생. ORDER BY 를 지정할 수 있다고 해도 마지막의 SELECT 명령의 결과만 정렬하는 것이 아니고 합집합의 결과를 정렬하는 것이기 때문.
이떄 두 개의 SELECT 명령에서 열 이름이 서로 일치한다면 문제가 없지만 반드시 그렇다는 보장이 없다. 이런 경우 서로 동일하게 별명을 붙여 정렬 가능.
```text
mysql> select a as c from sample71_a union select b as c from sample71_b order by c;
+------+
| c    |
+------+
|    1 |
|    2 |
|    3 |
|   10 |
|   11 |
+------+
5 rows in set (0.00 sec)
```
> UNION으로 SELECT 명령을 연결하는 경우, 가장 마지막 SELECT 명령에 대해서만 ORDER BY 구를 지정할 수 있다! ORDER BY 구에 지정하는 열은 별명을 붙여
> 이름을 일치시킨다.

### UNION ALL
- UNION 은 합집합을 구하는 것이므로 두 개의 집합에서 겹치는 부분은 공통 요소가 됨. 예를 들어 sample_a 와 sampl_b에서는 양쪽 모두 2가 포함되어 있었다.
그리고 이들을 합집합하면 2는 하나만 존재. 두 명령의 실행 결과에 DISTINCT 를 걸어 중복을 제거한 것과 같다고 생각하면 이해가 쉬울 것. 수학에서 말하는 집합은
중복값이 존재하지 않는 것을 전재로 함. 그래서 UNION을 한 결과에도 중복값이 제거되어 있다.
- 하지만 경우에 따라서 중복을 제거하지 않고 2개의 SELECT 명령의 결과를 그냥 합치고 싶을 때도 있을 것이다. 이러한 경우 UNION ALL을 사용.
- SELECT 명령에서 중복을 제거할 떄는 SELECT 구에 DISTINCT 를 지정한다. 이때 기본값은 ALL로, 명시적으로 지정하거나 생략할 수도 있었다. 즉, 중복을 제거하는
경우에는 DISTINCT, 중복을 제거하지 않고 모두 반환하는 경우에는 ALL을 지정했다. 한편 UNION의 경우는 기본 동작이 DISTINCT이고, 모든 결과를 얻고 싶을 때는
ALL을 추가적으로 지정한다.
- 즉, DISTINCT나 ALL로 중복제거 여부를 지정할 수 있다는 점은 똑같지만, UNION의 기본동작은 ALL이 아닌 DISTINCT라는 점이 다르다. 또한, UNION DISTINCT
라는 문법은 허용되지 않으니 주의할 것!
- 두 개의 SELECT 명령에 UNION ALL을 적용해 합집합 구하기
```text
mysql> select * from sample71_a
    -> union all
    -> select * from sample71_b;
+------+
| a    |
+------+
|    1 |
|    2 |
|    3 |
|    2 |
|   10 |
|   11 |
+------+
6 rows in set (0.00 sec)
```
- 실행 결과 2라는 값을 가진 행이 중복 표시됨.
- UNION ALL은 두 개의 집합을 단순하게 합치는 것. UNION에서는 이미 존재하는 값인지를 검사하는 처리가 필요한 만큼, UNION ALL 쪽이 성능적으로 유리할 경우가
존재. 즉, 중복값이 없는 경우에는 UNION ALL 을 사용하는 편이 좋은 성능을 보여줌.

## 3. 교집합과 차집합
- MySQL에서는 지원되지 않음. SQL을 이용해 교집합, 차집합도 구할 수 있다. 교집합은 INTERSECT, 차집합은 EXCEPT 를 사용 (Oracle은 MINUS)
- 교집합은 두 개의 집합이 겹치는 부분. '공통 부분'이라 불리기도 함.
- 차집합은 집합에서 다른 다른쪽의 집합을 제거하고 남은 부분. 계산 대상이 되는 두 개의 집합에 공통부분이 존재하지 않으면 차집합을 구해도 결과는 바뀌지 않음. 또한
완전히 같은 집합끼리 차집합 계산시 아무런 요소도 존재하지 않는 공집합이 됨. 차집합의 결과가 공집합인지 아닌지에 따라 두 개의 집합이 동일한지 아닌지를 알 수 있다.
