# 22. 그룹화 - GROUP BY
- GROUP BY 그룹화를 통해 집계함수의 활용범위를 넓힐 수 있다.
- GROUP BY
```text
SELECT * FROM GROUP BY 열1, 열2, ...
```
- COUNT 함수로 행 개수를 구할 수 있었다. COUNT의 인수로는 집합을 지정하였는데, 이제까지 봐온 예제에서는 테이블 전체 혹은 WHERE 구로 검색한 행이 그
대상이었다.
- GROUP BY 구를 사용해 집계함수로 넘겨줄 집합을 그룹으로 나누는 방법을 알아보자. 이 같은 그룹화를 통해 집계함수의 활용범위를 넓힐 수 있다. 먼저 그룹화에
관해 간단히 살펴보고 조건 지정하거나 정렬하여 사용하는 법에 관해 알아보자.

## 1. GROUP BY 로 그룹화
```text
mysql> select * from sample51;
+------+------+----------+
| no   | name | quantity |
+------+------+----------+
|    1 | A    |        1 |
|    2 | A    |        2 |
|    3 | B    |       10 |
|    4 | C    |        3 |
|    5 | NULL |     NULL |
+------+------+----------+
5 rows in set (0.00 sec)
```
- name 열이 A인 행은 2개 나머지는 한 개씩 있다. name 열에서 같은 값을 가진 행끼리 한데 묶어 그룹화한 집합을 집계함수로 넘겨줄 수 있다. 그룹으로 나눌
때에는 GROUP BY 구를 사용. 이때 GROUP BY 구에는 그룹화할 열을 지정 (복수 지정 가능).
- name 열을 지정한 결과는 다음과 같다.
```text
mysql> select name from sample51 group by name;
+------+
| name |
+------+
| A    |
| B    |
| C    |
| NULL |
+------+
4 rows in set (0.00 sec)
```
- DISTINCT를 지정했을 때와 같은 결과가 나왔다. GROUP BY 구에 열을 지정해 그룹화하면 지정된 열의 값이 같은 행이 하나의 그룹으로 묶인다. SELECT
구에서 name 열을 지정했으므로 그룹화된 name 열의 데이터가 반환된다.
- 각 그룹으로 묶인 값들은 서로 동일. 즉, 결과적으로는 각각의 그룹 값이 반환됨. 따라서 GROUP BY를 지정해 그룹화하면 DISTINCT와 같이 중복 제거 효과가
있다.
> GROUP BY 구로 그룹화할 수 있다!
- 그럼, DISTINCT로 중복을 제거하는 것과 GROUP BY로 그룹화하는 것은 어떤 차이가 있을까? 사실 GROUP BY 구를 지정하는 경우 집계함수와 함께 사용하지
않으면 의미가 없다. GROUP BY 구로 그룹화된 각각의 그룹이 하나의 집합으로서 집계함수의 인수로 넘겨지기 때문.
- 구체적으로 집계함수와 함께 사용하면 다음과 같다.
- name 열을 그룹화해 계산하기
```text
mysql> select name, count(name), sum(quantity) from
sample51 group by name;
+------+-------------+---------------+
| name | count(name) | sum(quantity) |
+------+-------------+---------------+
| A    |           2 |             3 |
| B    |           1 |            10 |
| C    |           1 |             3 |
| NULL |           0 |          NULL |
+------+-------------+---------------+
4 rows in set (0.00 sec)
```
- GROUP BY name 에 의해 name 열 값이 A, B, C, NULL 네 개 그룹으로 나뉜다. A 그룹에는 두 개의 행이 있는데, COUNT는 행의 개수를 반환하므로
2가 된다.  A 그룹에 해당하는 2개의 quantity 열 값은 각각 1, 2 로 sum의 결과로 3을 반환.
- 실무에서 GROUP BY를 사용하는 경우는 꽤 많다. 예를 들면 각 점포의 일별 매출 데이터가 중앙 판매 관리시스템에 전송되어 점표별 매출실적을 집계해 어떤
점포가 매출이 올라가는지 어떤 상품이 인기가 있는지 등 분석시 사용. 여기에서 점포, 상품, 월, 일별 등 특정 단위로 집계할 때 GROUP BY를 자주 사용.
매출실적을 조사하는 동시에 SUM 집계함수로 합계를 낼 수 있으며, COUNT로 건수를 집계하는 경우도 있다.

## 2. HAVING 구로 조건 지정
- 집계함수는 WHERE 구의 조건식에서는 사용할 수 없다. 실제로 그러한지 다음 명령을 통해 확인해보자.
```text
mysql> select name, count(name) from sample51 where count(name) = 1 group by name;
ERROR 1111 (HY000): Invalid use of group function
```
- name 열을 그룹화해 행 개수가 하나만 존재하는 그룹을 검색하고 싶었지만 에러가 발생해 실행 불가였다. 에러 발생 이유는 GROUP BY와 WHERE 구의 내부처리
순서와 관계가 있다. 즉, WHERE 구로 행을 검색하는 처리가 GROUP BY로 그룹화하는 처리보다 순서상 앞서기 때문이다. SELECT 구에서 지정한 별명을 WHERE 
구에서 사용할 수 없었던 것과 같은 이유로, 그룹화가 필요한 집계함수는 WHERE 구에서 지정 불가.
> 내부 처리 순서 : WHERE 구 -> GROUP BY 구 -> SELECT 구 -> ORDER BY 구
- 그렇다면 집계한 결과에서 조건에 맞는 값을 따로 걸러낼 수는 없을까? 물론 가능하다. SELECT 명령에는 HAVING 구가 있다. HAVING 구를 사용하면 
집계함수를 사용해서 조건식 지정 가능.
- HAVING 구는 GROUP BY 구의 뒤에 기술하며 WHERE 구와 동일하게 조건식을 지정 가능. 조건식에는 그룹별로 집계된 열의 값이나 집계함수의 계산결과가 
전달된다고 생각하면 이해하기 쉽다. 이떄 조건식이 참인 그룹값만 클라이언트에게 반환됨. 결과적으로 WHERE 구와 HAVING 구에 지정된 조건으로 검색하는
2단 구조가 된다.
- 그러면, 앞서 에러가 발생했던 SELECT 명령을 HAVING 구로 수정해보자.
```text
mysql> select name, count(name) from sample51 group by name;
+------+-------------+
| name | count(name) |
+------+-------------+
| A    |           2 |
| B    |           1 |
| C    |           1 |
| NULL |           0 |
+------+-------------+
4 rows in set (0.00 sec)

mysql> select name, count(name) from sample51 group by name having count(name) = 1;
+------+-------------+
| name | count(name) |
+------+-------------+
| B    |           1 |
| C    |           1 |
+------+-------------+
2 rows in set (0.01 sec)
```
> 집계함수를 사용할 경우 HAVING 구로 검색조건을 지정한다!

- 그룹화보다도 나중에 처리되는 ORDER BY 구에서는 문제없이 집계함수를 사용할 수 있다. 즉, ORDER BY COUNT(name)과 같이 지정 가능.
- HAVING 구의 내부처리 순서는 다음과 같다. HAVING 구는 GROUP BY 구 다음으로 처리된다.
> WHERE 구 -> GROUP BY 구 -> HAVING 구 -> SELECT 구 -> ORDER BY 구
- 다만, SELECT 구보다도 먼저 처리되므로 별명을 사용 불가. 예를 들어 COUNT(name)에 cn 이라고 붙이면, ORDER BY 구에서는 사용 가능하지만,
GROUP BY 구나 HAVING 구에서는 사용 불가. (단, MySQL과 같이 융통성 있게 사용가능한 경우도 있다.)
```text
mysql> select name as n, count(name) as cn from sample51 group by n having cn = 1;
+------+----+
| n    | cn |
+------+----+
| B    |  1 |
| C    |  1 |
+------+----+
2 rows in set (0.00 sec)
```
- 위 명령어는 ORACLE 등에서는 에러가 발생한다.

## 3. 복수열의 그룹화
- GROUP BY 사용시 주의할 점이 하나 더 있다. GROUP BY에 지정한 열 이외의 열은 집계함수를 사용하지 않은 채 SELECT 구에 기술해서는 안 된다.
```text
mysql> select no, name, quantity from sample51 group by name;
ERROR 1055 (42000): Expression #1 of SELECT list is not in GROUP BY clause and contains 
nonaggregated column 'sample.sample51.no' which is not functionally dependent on columns in GROUP BY clause; 
this is incompatible with sql_mode=only_full_group_by
```
- GROUP BY로 그룹화하면 클라이언트로 반환되는 결과는 그룹당 하나의 행이 된다. 하지만 name 열 값이 A 인 그룹의 quantity 열 값은 1과 2로 두 개.
이떄 그룹마다 하나의 값만을 반환해야 하므로 어느 것을 반환하면 좋을지 몰라 에러가 발생.
- 이떄 집계함수를 사용하면 집합은 하나의 값으로 계산되므로, 그룹마다 하나의 행 출력 가능. 즉, 다음과 같이 작성하면 문제없이 실행 가능.
```text
mysql> select min(no), name, sum(quantity) from sample51 group by name;
+---------+------+---------------+
| min(no) | name | sum(quantity) |
+---------+------+---------------+
|       1 | A    |             3 |
|       3 | B    |            10 |
|       4 | C    |             3 |
|       5 | NULL |          NULL |
+---------+------+---------------+
4 rows in set (0.00 sec)
```
> GROUP BY 에서 지정한 열 이외의 열은 집계함수를 사용하지 않은 채 SELECT 구에 지정 불가!
- 만약 no와 quantity로 그룹화한다면 GROUP BY no, quantity로 지정한다. 이처럼 GROUP BY에서 지정한 열이라면 SELECT 구에 그대로 지정해도 된다.
```text
mysql> select name, quantity from sample51 group by name, quantity;
+------+----------+
| name | quantity |
+------+----------+
| A    |        1 |
| A    |        2 |
| B    |       10 |
| C    |        3 |
| NULL |     NULL |
+------+----------+
5 rows in set (0.00 sec)
```

## 4. 결괏값 정렬
- GROUP BY 로 그룹화해도 실행결과 순서를 정렬할 수는 없다. DB 내부 처리에서 같은 값을 그룹으로 나누는 과정에서 순서가 서로 바뀌는 부작용이 일어날 수
있다. 하지만 이는 DB 내부처리의 문제로 DB 제품마다 다르다. 확실한 것은 GROUP BY 지정을 해도 정렬되지는 않는다는 점이다.
- 이럴 때는 3장에서 보았던 ORDER BY 구로 정렬 가능. GROUP BY 구로 그룹화한 경우에도 ORDER BY 구를 사용해 정렬 가능. 결괏값을 순서대로 정렬해야
한다면 ORDER BY 구를 지정하자.
```text
mysql> select name, count(name), sum(quantity) from sample51 group by name order by sum(quantity) desc;
+------+-------------+---------------+
| name | count(name) | sum(quantity) |
+------+-------------+---------------+
| B    |           1 |            10 |
| A    |           2 |             3 |
| C    |           1 |             3 |
| NULL |           0 |          NULL |
+------+-------------+---------------+
4 rows in set (0.00 sec)
```
- 합계를 구한 뒤 분석할 때는 값이 큰 순서대로 살펴보고 싶을 것이다. 이떄 내림차순으로 정렬하기 위해 'DESC'를 지정했다. 기본값이 ASC 이므로 DESC
미지정시 오름차순이 되어버린다. 이와 같은 경우는 자주 있는 패턴이므로 잊지말자.
